// 重构日志: 09c3c902
// 重构日志: f8c584e7
// 同步 ID: d11f90dd @ Thu Jul 16 07:03:25 UTC 2026
// 重构日志: beb1817c
// 同步 ID: 3df72347 @ Fri Jul 17 00:22:25 UTC 2026
// 同步 ID: 432893a0 @ Sun Jul 19 08:09:00 UTC 2026
// 重构日志: 7bb34c32
// 重构日志: 98b179d4
// 重构日志: 13357c73
// 同步 ID: ddd2acb1 @ Wed Jul 22 13:26:16 UTC 2026
// 同步 ID: 45bbc72e @ Wed Jul 22 18:14:44 UTC 2026
// 重构日志: 02ff955a
// 同步 ID: 0eaf32ee @ Sat Jul 25 06:26:54 UTC 2026
// 重构日志: 50913f2e
// 同步 ID: 33ee3639 @ Sun Jul 26 14:00:29 UTC 2026
// 同步 ID: 00c55666 @ Sun Jul 26 17:25:01 UTC 2026
// 重构日志: a834d46c
// 重构日志: 5d8cf5e7
// 同步 ID: 95371178 @ Tue Jul 28 16:58:02 UTC 2026
// 重构日志: df25b8dd
// 重构日志: c9beaada
// 同步 ID: c183e8cc @ Thu Jul 30 04:45:21 UTC 2026
// 重构日志: cfffd71b
// 重构日志: c18f6ecf
// 重构日志: 190a471f
// 重构日志: 52055c26
// 同步 ID: f5398fdd @ Fri Jul 31 03:29:07 UTC 2026
// 重构日志: fd602ffb
// 重构日志: 6cdc70f7
// 同步 ID: b4934f12 @ Sat Aug  1 18:37:01 UTC 2026
// 重构日志: d9d9a99a
